../Core/Src/main.c:88:6:microDelay	24	static
../Core/Src/main.c:96:6:milliDelay	24	static
../Core/Src/main.c:102:6:SET_ADC_READING_SOIL	24	static
../Core/Src/main.c:113:6:SET_ADC_READING_LIGHT	24	static
../Core/Src/main.c:124:9:DHT11_Start	32	static
../Core/Src/main.c:155:9:DHT11_Read	16	static
../Core/Src/main.c:184:5:main	8	static
../Core/Src/main.c:285:6:SystemClock_Config	88	static
../Core/Src/main.c:332:13:MX_ADC1_Init	24	static
../Core/Src/main.c:375:13:MX_TIM1_Init	32	static
../Core/Src/main.c:421:13:MX_USART1_UART_Init	8	static
../Core/Src/main.c:454:13:MX_USART2_UART_Init	8	static
../Core/Src/main.c:487:13:MX_GPIO_Init	48	static
../Core/Src/main.c:520:6:HAL_UART_RxCpltCallback	160	static
../Core/Src/main.c:549:6:Error_Handler	4	static,ignoring_inline_asm
