../Core/Src/main.c:82:6:microDelay	24	static
../Core/Src/main.c:90:6:SET_ADC_READING_SOIL	24	static
../Core/Src/main.c:101:6:SET_ADC_READING_LIGHT	24	static
../Core/Src/main.c:112:9:DHT11_Start	32	static
../Core/Src/main.c:143:9:DHT11_Read	16	static
../Core/Src/main.c:172:5:main	144	static
../Core/Src/main.c:274:6:SystemClock_Config	88	static
../Core/Src/main.c:321:13:MX_ADC1_Init	24	static
../Core/Src/main.c:364:13:MX_TIM1_Init	32	static
../Core/Src/main.c:410:13:MX_USART1_UART_Init	8	static
../Core/Src/main.c:443:13:MX_USART2_UART_Init	8	static
../Core/Src/main.c:476:13:MX_GPIO_Init	48	static
../Core/Src/main.c:516:6:Error_Handler	4	static,ignoring_inline_asm
